// Jest Snapshot v1, https://goo.gl/fbAQLP

exports[`Testing Home should render correctly 1`] = `ShallowWrapper {}`;
